// Jest Snapshot v1, https://goo.gl/fbAQLP

exports[`<LandingPage /> Render() 1`] = `
ShallowWrapper {
  Symbol(enzyme.__root__): [Circular],
  Symbol(enzyme.__unrendered__): <LandingPage />,
  Symbol(enzyme.__renderer__): Object {
    "batchedUpdates": [Function],
    "getNode": [Function],
    "render": [Function],
    "simulateError": [Function],
    "simulateEvent": [Function],
    "unmount": [Function],
  },
  Symbol(enzyme.__node__): Object {
    "instance": null,
    "key": undefined,
    "nodeType": "class",
    "props": Object {
      "children": Array [
        <Connect(NavBar)
          position="landing"
        />,
        <Switch>
          <Route
            component={[Function]}
            exact={true}
            path="/register"
          />
          <Route
            component={[Function]}
            exact={true}
            path="/"
          />
        </Switch>,
        <styled.span>
          <h1>
            <span
              aria-label="maginfying glass emoji"
              role="img"
            >
              üîç
            </span>
            Track Your
            <br />
            <span
              aria-label="suitcase emoji"
              role="img"
            >
              üíº
            </span>
            Job
            <br />
            <span
              aria-label="document with pencil writing on it emoji"
              role="img"
            >
              üìù
            </span>
            Applications
            <br />
            <span
              aria-label="ok hand gesture emoji"
              role="img"
            >
              üëå
            </span>
            With Ease!
          </h1>
        </styled.span>,
        <ToastContainer
          autoClose={2000}
          bodyClassName={null}
          className={null}
          closeButton={
            <CloseButton
              ariaLabel="close"
            />
          }
          closeOnClick={true}
          draggable={true}
          draggablePercent={80}
          hideProgressBar={false}
          newestOnTop={false}
          pauseOnFocusLoss={true}
          pauseOnHover={true}
          position="top-right"
          progressClassName={null}
          rtl={false}
          style={null}
          toastClassName={null}
          transition={[Function]}
        />,
      ],
    },
    "ref": null,
    "rendered": Array [
      Object {
        "instance": null,
        "key": undefined,
        "nodeType": "class",
        "props": Object {
          "position": "landing",
        },
        "ref": null,
        "rendered": null,
        "type": [Function],
      },
      Object {
        "instance": null,
        "key": undefined,
        "nodeType": "class",
        "props": Object {
          "children": Array [
            <Route
              component={[Function]}
              exact={true}
              path="/register"
            />,
            <Route
              component={[Function]}
              exact={true}
              path="/"
            />,
          ],
        },
        "ref": null,
        "rendered": Array [
          Object {
            "instance": null,
            "key": undefined,
            "nodeType": "class",
            "props": Object {
              "component": [Function],
              "exact": true,
              "path": "/register",
            },
            "ref": null,
            "rendered": null,
            "type": [Function],
          },
          Object {
            "instance": null,
            "key": undefined,
            "nodeType": "class",
            "props": Object {
              "component": [Function],
              "exact": true,
              "path": "/",
            },
            "ref": null,
            "rendered": null,
            "type": [Function],
          },
        ],
        "type": [Function],
      },
      Object {
        "instance": null,
        "key": undefined,
        "nodeType": "class",
        "props": Object {
          "children": <h1>
            <span
              aria-label="maginfying glass emoji"
              role="img"
            >
              üîç
            </span>
            Track Your
            <br />
            <span
              aria-label="suitcase emoji"
              role="img"
            >
              üíº
            </span>
            Job
            <br />
            <span
              aria-label="document with pencil writing on it emoji"
              role="img"
            >
              üìù
            </span>
            Applications
            <br />
            <span
              aria-label="ok hand gesture emoji"
              role="img"
            >
              üëå
            </span>
            With Ease!
          </h1>,
        },
        "ref": null,
        "rendered": Object {
          "instance": null,
          "key": undefined,
          "nodeType": "host",
          "props": Object {
            "children": Array [
              <span
                aria-label="maginfying glass emoji"
                role="img"
              >
                üîç
              </span>,
              "Track Your",
              <br />,
              <span
                aria-label="suitcase emoji"
                role="img"
              >
                üíº
              </span>,
              "Job",
              <br />,
              <span
                aria-label="document with pencil writing on it emoji"
                role="img"
              >
                üìù
              </span>,
              "Applications",
              <br />,
              <span
                aria-label="ok hand gesture emoji"
                role="img"
              >
                üëå
              </span>,
              "With Ease!",
            ],
          },
          "ref": null,
          "rendered": Array [
            Object {
              "instance": null,
              "key": undefined,
              "nodeType": "host",
              "props": Object {
                "aria-label": "maginfying glass emoji",
                "children": "üîç",
                "role": "img",
              },
              "ref": null,
              "rendered": "üîç",
              "type": "span",
            },
            "Track Your",
            Object {
              "instance": null,
              "key": undefined,
              "nodeType": "host",
              "props": Object {},
              "ref": null,
              "rendered": null,
              "type": "br",
            },
            Object {
              "instance": null,
              "key": undefined,
              "nodeType": "host",
              "props": Object {
                "aria-label": "suitcase emoji",
                "children": "üíº",
                "role": "img",
              },
              "ref": null,
              "rendered": "üíº",
              "type": "span",
            },
            "Job",
            Object {
              "instance": null,
              "key": undefined,
              "nodeType": "host",
              "props": Object {},
              "ref": null,
              "rendered": null,
              "type": "br",
            },
            Object {
              "instance": null,
              "key": undefined,
              "nodeType": "host",
              "props": Object {
                "aria-label": "document with pencil writing on it emoji",
                "children": "üìù",
                "role": "img",
              },
              "ref": null,
              "rendered": "üìù",
              "type": "span",
            },
            "Applications",
            Object {
              "instance": null,
              "key": undefined,
              "nodeType": "host",
              "props": Object {},
              "ref": null,
              "rendered": null,
              "type": "br",
            },
            Object {
              "instance": null,
              "key": undefined,
              "nodeType": "host",
              "props": Object {
                "aria-label": "ok hand gesture emoji",
                "children": "üëå",
                "role": "img",
              },
              "ref": null,
              "rendered": "üëå",
              "type": "span",
            },
            "With Ease!",
          ],
          "type": "h1",
        },
        "type": [Function],
      },
      Object {
        "instance": null,
        "key": undefined,
        "nodeType": "class",
        "props": Object {
          "autoClose": 2000,
          "bodyClassName": null,
          "className": null,
          "closeButton": <CloseButton
            ariaLabel="close"
          />,
          "closeOnClick": true,
          "draggable": true,
          "draggablePercent": 80,
          "hideProgressBar": false,
          "newestOnTop": false,
          "pauseOnFocusLoss": true,
          "pauseOnHover": true,
          "position": "top-right",
          "progressClassName": null,
          "rtl": false,
          "style": null,
          "toastClassName": null,
          "transition": [Function],
        },
        "ref": null,
        "rendered": null,
        "type": [Function],
      },
    ],
    "type": [Function],
  },
  Symbol(enzyme.__nodes__): Array [
    Object {
      "instance": null,
      "key": undefined,
      "nodeType": "class",
      "props": Object {
        "children": Array [
          <Connect(NavBar)
            position="landing"
          />,
          <Switch>
            <Route
              component={[Function]}
              exact={true}
              path="/register"
            />
            <Route
              component={[Function]}
              exact={true}
              path="/"
            />
          </Switch>,
          <styled.span>
            <h1>
              <span
                aria-label="maginfying glass emoji"
                role="img"
              >
                üîç
              </span>
              Track Your
              <br />
              <span
                aria-label="suitcase emoji"
                role="img"
              >
                üíº
              </span>
              Job
              <br />
              <span
                aria-label="document with pencil writing on it emoji"
                role="img"
              >
                üìù
              </span>
              Applications
              <br />
              <span
                aria-label="ok hand gesture emoji"
                role="img"
              >
                üëå
              </span>
              With Ease!
            </h1>
          </styled.span>,
          <ToastContainer
            autoClose={2000}
            bodyClassName={null}
            className={null}
            closeButton={
              <CloseButton
                ariaLabel="close"
              />
            }
            closeOnClick={true}
            draggable={true}
            draggablePercent={80}
            hideProgressBar={false}
            newestOnTop={false}
            pauseOnFocusLoss={true}
            pauseOnHover={true}
            position="top-right"
            progressClassName={null}
            rtl={false}
            style={null}
            toastClassName={null}
            transition={[Function]}
          />,
        ],
      },
      "ref": null,
      "rendered": Array [
        Object {
          "instance": null,
          "key": undefined,
          "nodeType": "class",
          "props": Object {
            "position": "landing",
          },
          "ref": null,
          "rendered": null,
          "type": [Function],
        },
        Object {
          "instance": null,
          "key": undefined,
          "nodeType": "class",
          "props": Object {
            "children": Array [
              <Route
                component={[Function]}
                exact={true}
                path="/register"
              />,
              <Route
                component={[Function]}
                exact={true}
                path="/"
              />,
            ],
          },
          "ref": null,
          "rendered": Array [
            Object {
              "instance": null,
              "key": undefined,
              "nodeType": "class",
              "props": Object {
                "component": [Function],
                "exact": true,
                "path": "/register",
              },
              "ref": null,
              "rendered": null,
              "type": [Function],
            },
            Object {
              "instance": null,
              "key": undefined,
              "nodeType": "class",
              "props": Object {
                "component": [Function],
                "exact": true,
                "path": "/",
              },
              "ref": null,
              "rendered": null,
              "type": [Function],
            },
          ],
          "type": [Function],
        },
        Object {
          "instance": null,
          "key": undefined,
          "nodeType": "class",
          "props": Object {
            "children": <h1>
              <span
                aria-label="maginfying glass emoji"
                role="img"
              >
                üîç
              </span>
              Track Your
              <br />
              <span
                aria-label="suitcase emoji"
                role="img"
              >
                üíº
              </span>
              Job
              <br />
              <span
                aria-label="document with pencil writing on it emoji"
                role="img"
              >
                üìù
              </span>
              Applications
              <br />
              <span
                aria-label="ok hand gesture emoji"
                role="img"
              >
                üëå
              </span>
              With Ease!
            </h1>,
          },
          "ref": null,
          "rendered": Object {
            "instance": null,
            "key": undefined,
            "nodeType": "host",
            "props": Object {
              "children": Array [
                <span
                  aria-label="maginfying glass emoji"
                  role="img"
                >
                  üîç
                </span>,
                "Track Your",
                <br />,
                <span
                  aria-label="suitcase emoji"
                  role="img"
                >
                  üíº
                </span>,
                "Job",
                <br />,
                <span
                  aria-label="document with pencil writing on it emoji"
                  role="img"
                >
                  üìù
                </span>,
                "Applications",
                <br />,
                <span
                  aria-label="ok hand gesture emoji"
                  role="img"
                >
                  üëå
                </span>,
                "With Ease!",
              ],
            },
            "ref": null,
            "rendered": Array [
              Object {
                "instance": null,
                "key": undefined,
                "nodeType": "host",
                "props": Object {
                  "aria-label": "maginfying glass emoji",
                  "children": "üîç",
                  "role": "img",
                },
                "ref": null,
                "rendered": "üîç",
                "type": "span",
              },
              "Track Your",
              Object {
                "instance": null,
                "key": undefined,
                "nodeType": "host",
                "props": Object {},
                "ref": null,
                "rendered": null,
                "type": "br",
              },
              Object {
                "instance": null,
                "key": undefined,
                "nodeType": "host",
                "props": Object {
                  "aria-label": "suitcase emoji",
                  "children": "üíº",
                  "role": "img",
                },
                "ref": null,
                "rendered": "üíº",
                "type": "span",
              },
              "Job",
              Object {
                "instance": null,
                "key": undefined,
                "nodeType": "host",
                "props": Object {},
                "ref": null,
                "rendered": null,
                "type": "br",
              },
              Object {
                "instance": null,
                "key": undefined,
                "nodeType": "host",
                "props": Object {
                  "aria-label": "document with pencil writing on it emoji",
                  "children": "üìù",
                  "role": "img",
                },
                "ref": null,
                "rendered": "üìù",
                "type": "span",
              },
              "Applications",
              Object {
                "instance": null,
                "key": undefined,
                "nodeType": "host",
                "props": Object {},
                "ref": null,
                "rendered": null,
                "type": "br",
              },
              Object {
                "instance": null,
                "key": undefined,
                "nodeType": "host",
                "props": Object {
                  "aria-label": "ok hand gesture emoji",
                  "children": "üëå",
                  "role": "img",
                },
                "ref": null,
                "rendered": "üëå",
                "type": "span",
              },
              "With Ease!",
            ],
            "type": "h1",
          },
          "type": [Function],
        },
        Object {
          "instance": null,
          "key": undefined,
          "nodeType": "class",
          "props": Object {
            "autoClose": 2000,
            "bodyClassName": null,
            "className": null,
            "closeButton": <CloseButton
              ariaLabel="close"
            />,
            "closeOnClick": true,
            "draggable": true,
            "draggablePercent": 80,
            "hideProgressBar": false,
            "newestOnTop": false,
            "pauseOnFocusLoss": true,
            "pauseOnHover": true,
            "position": "top-right",
            "progressClassName": null,
            "rtl": false,
            "style": null,
            "toastClassName": null,
            "transition": [Function],
          },
          "ref": null,
          "rendered": null,
          "type": [Function],
        },
      ],
      "type": [Function],
    },
  ],
  Symbol(enzyme.__options__): Object {
    "adapter": ReactSixteenAdapter {
      "options": Object {
        "enableComponentDidUpdateOnSetState": true,
        "lifecycles": Object {
          "componentDidUpdate": Object {
            "onSetState": true,
          },
          "getDerivedStateFromProps": true,
          "getSnapshotBeforeUpdate": true,
          "setState": Object {
            "skipsComponentDidUpdateOnNullish": true,
          },
        },
      },
    },
    "attachTo": undefined,
    "hydrateIn": undefined,
  },
}
`;
